Archive member included to satisfy reference by file (symbol)

c:/st/stm32cubeide_1.10.1/stm32cubeide/plugins/com.st.stm32cube.ide.mcu.externaltools.gnu-tools-for-stm32.10.3-2021.10.win32_1.0.200.202301161003/tools/bin/../lib/gcc/arm-none-eabi/10.3.1/../../../../arm-none-eabi/lib/thumb/v6-m/nofp\libc_nano.a(lib_a-errno.o)
                              ./Core/Src/syscalls.o (__errno)
c:/st/stm32cubeide_1.10.1/stm32cubeide/plugins/com.st.stm32cube.ide.mcu.externaltools.gnu-tools-for-stm32.10.3-2021.10.win32_1.0.200.202301161003/tools/bin/../lib/gcc/arm-none-eabi/10.3.1/../../../../arm-none-eabi/lib/thumb/v6-m/nofp\libc_nano.a(lib_a-exit.o)
                              c:/st/stm32cubeide_1.10.1/stm32cubeide/plugins/com.st.stm32cube.ide.mcu.externaltools.gnu-tools-for-stm32.10.3-2021.10.win32_1.0.200.202301161003/tools/bin/../lib/gcc/arm-none-eabi/10.3.1/../../../../arm-none-eabi/lib/thumb/v6-m/nofp/crt0.o (exit)
c:/st/stm32cubeide_1.10.1/stm32cubeide/plugins/com.st.stm32cube.ide.mcu.externaltools.gnu-tools-for-stm32.10.3-2021.10.win32_1.0.200.202301161003/tools/bin/../lib/gcc/arm-none-eabi/10.3.1/../../../../arm-none-eabi/lib/thumb/v6-m/nofp\libc_nano.a(lib_a-impure.o)
                              c:/st/stm32cubeide_1.10.1/stm32cubeide/plugins/com.st.stm32cube.ide.mcu.externaltools.gnu-tools-for-stm32.10.3-2021.10.win32_1.0.200.202301161003/tools/bin/../lib/gcc/arm-none-eabi/10.3.1/../../../../arm-none-eabi/lib/thumb/v6-m/nofp\libc_nano.a(lib_a-exit.o) (_global_impure_ptr)
c:/st/stm32cubeide_1.10.1/stm32cubeide/plugins/com.st.stm32cube.ide.mcu.externaltools.gnu-tools-for-stm32.10.3-2021.10.win32_1.0.200.202301161003/tools/bin/../lib/gcc/arm-none-eabi/10.3.1/../../../../arm-none-eabi/lib/thumb/v6-m/nofp\libc_nano.a(lib_a-init.o)
                              c:/st/stm32cubeide_1.10.1/stm32cubeide/plugins/com.st.stm32cube.ide.mcu.externaltools.gnu-tools-for-stm32.10.3-2021.10.win32_1.0.200.202301161003/tools/bin/../lib/gcc/arm-none-eabi/10.3.1/../../../../arm-none-eabi/lib/thumb/v6-m/nofp/crt0.o (__libc_init_array)
c:/st/stm32cubeide_1.10.1/stm32cubeide/plugins/com.st.stm32cube.ide.mcu.externaltools.gnu-tools-for-stm32.10.3-2021.10.win32_1.0.200.202301161003/tools/bin/../lib/gcc/arm-none-eabi/10.3.1/../../../../arm-none-eabi/lib/thumb/v6-m/nofp\libc_nano.a(lib_a-memset.o)
                              c:/st/stm32cubeide_1.10.1/stm32cubeide/plugins/com.st.stm32cube.ide.mcu.externaltools.gnu-tools-for-stm32.10.3-2021.10.win32_1.0.200.202301161003/tools/bin/../lib/gcc/arm-none-eabi/10.3.1/../../../../arm-none-eabi/lib/thumb/v6-m/nofp/crt0.o (memset)
c:/st/stm32cubeide_1.10.1/stm32cubeide/plugins/com.st.stm32cube.ide.mcu.externaltools.gnu-tools-for-stm32.10.3-2021.10.win32_1.0.200.202301161003/tools/bin/../lib/gcc/arm-none-eabi/10.3.1/thumb/v6-m/nofp\libgcc.a(_udivsi3.o)
                              ./Core/Src/system_stm32f0xx.o (__aeabi_uidiv)
c:/st/stm32cubeide_1.10.1/stm32cubeide/plugins/com.st.stm32cube.ide.mcu.externaltools.gnu-tools-for-stm32.10.3-2021.10.win32_1.0.200.202301161003/tools/bin/../lib/gcc/arm-none-eabi/10.3.1/thumb/v6-m/nofp\libgcc.a(_dvmd_tls.o)
                              c:/st/stm32cubeide_1.10.1/stm32cubeide/plugins/com.st.stm32cube.ide.mcu.externaltools.gnu-tools-for-stm32.10.3-2021.10.win32_1.0.200.202301161003/tools/bin/../lib/gcc/arm-none-eabi/10.3.1/thumb/v6-m/nofp\libgcc.a(_udivsi3.o) (__aeabi_idiv0)

Discarded input sections

 .text          0x0000000000000000        0x0 c:/st/stm32cubeide_1.10.1/stm32cubeide/plugins/com.st.stm32cube.ide.mcu.externaltools.gnu-tools-for-stm32.10.3-2021.10.win32_1.0.200.202301161003/tools/bin/../lib/gcc/arm-none-eabi/10.3.1/thumb/v6-m/nofp/crti.o
 .data          0x0000000000000000        0x0 c:/st/stm32cubeide_1.10.1/stm32cubeide/plugins/com.st.stm32cube.ide.mcu.externaltools.gnu-tools-for-stm32.10.3-2021.10.win32_1.0.200.202301161003/tools/bin/../lib/gcc/arm-none-eabi/10.3.1/thumb/v6-m/nofp/crti.o
 .bss           0x0000000000000000        0x0 c:/st/stm32cubeide_1.10.1/stm32cubeide/plugins/com.st.stm32cube.ide.mcu.externaltools.gnu-tools-for-stm32.10.3-2021.10.win32_1.0.200.202301161003/tools/bin/../lib/gcc/arm-none-eabi/10.3.1/thumb/v6-m/nofp/crti.o
 .data          0x0000000000000000        0x4 c:/st/stm32cubeide_1.10.1/stm32cubeide/plugins/com.st.stm32cube.ide.mcu.externaltools.gnu-tools-for-stm32.10.3-2021.10.win32_1.0.200.202301161003/tools/bin/../lib/gcc/arm-none-eabi/10.3.1/thumb/v6-m/nofp/crtbegin.o
 .rodata        0x0000000000000000       0x24 c:/st/stm32cubeide_1.10.1/stm32cubeide/plugins/com.st.stm32cube.ide.mcu.externaltools.gnu-tools-for-stm32.10.3-2021.10.win32_1.0.200.202301161003/tools/bin/../lib/gcc/arm-none-eabi/10.3.1/thumb/v6-m/nofp/crtbegin.o
 .text          0x0000000000000000       0x80 c:/st/stm32cubeide_1.10.1/stm32cubeide/plugins/com.st.stm32cube.ide.mcu.externaltools.gnu-tools-for-stm32.10.3-2021.10.win32_1.0.200.202301161003/tools/bin/../lib/gcc/arm-none-eabi/10.3.1/../../../../arm-none-eabi/lib/thumb/v6-m/nofp/crt0.o
[...]
Memory Configuration

Name             Origin             Length             Attributes
RAM              0x0000000020000000 0x0000000000002000 xrw
FLASH            0x0000000008000000 0x0000000000010000 xr
*default*        0x0000000000000000 0xffffffffffffffff

Linker script and memory map

LOAD c:/st/stm32cubeide_1.10.1/stm32cubeide/plugins/com.st.stm32cube.ide.mcu.externaltools.gnu-tools-for-stm32.10.3-2021.10.win32_1.0.200.202301161003/tools/bin/../lib/gcc/arm-none-eabi/10.3.1/thumb/v6-m/nofp/crti.o
LOAD c:/st/stm32cubeide_1.10.1/stm32cubeide/plugins/com.st.stm32cube.ide.mcu.externaltools.gnu-tools-for-stm32.10.3-2021.10.win32_1.0.200.202301161003/tools/bin/../lib/gcc/arm-none-eabi/10.3.1/thumb/v6-m/nofp/crtbegin.o
LOAD c:/st/stm32cubeide_1.10.1/stm32cubeide/plugins/com.st.stm32cube.ide.mcu.externaltools.gnu-tools-for-stm32.10.3-2021.10.win32_1.0.200.202301161003/tools/bin/../lib/gcc/arm-none-eabi/10.3.1/../../../../arm-none-eabi/lib/thumb/v6-m/nofp/crt0.o
LOAD ./Core/Src/SpiPort.o
LOAD ./Core/Src/main.o
LOAD ./Core/Src/stm32f0xx_hal_msp.o
LOAD ./Core/Src/stm32f0xx_it.o
LOAD ./Core/Src/syscalls.o
LOAD ./Core/Src/sysmem.o
LOAD ./Core/Src/system_stm32f0xx.o
LOAD ./Core/Src/timer.o
LOAD ./Core/Startup/startup_stm32f030r8tx.o
LOAD ./Drivers/STM32F0xx_HAL_Driver/Src/stm32f0xx_hal.o
LOAD ./Drivers/STM32F0xx_HAL_Driver/Src/stm32f0xx_hal_cortex.o
LOAD ./Drivers/STM32F0xx_HAL_Driver/Src/stm32f0xx_hal_dma.o
LOAD ./Drivers/STM32F0xx_HAL_Driver/Src/stm32f0xx_hal_exti.o
LOAD ./Drivers/STM32F0xx_HAL_Driver/Src/stm32f0xx_hal_flash.o
LOAD ./Drivers/STM32F0xx_HAL_Driver/Src/stm32f0xx_hal_flash_ex.o
LOAD ./Drivers/STM32F0xx_HAL_Driver/Src/stm32f0xx_hal_gpio.o
LOAD ./Drivers/STM32F0xx_HAL_Driver/Src/stm32f0xx_hal_i2c.o
LOAD ./Drivers/STM32F0xx_HAL_Driver/Src/stm32f0xx_hal_i2c_ex.o
LOAD ./Drivers/STM32F0xx_HAL_Driver/Src/stm32f0xx_hal_iwdg.o
LOAD ./Drivers/STM32F0xx_HAL_Driver/Src/stm32f0xx_hal_pwr.o
LOAD ./Drivers/STM32F0xx_HAL_Driver/Src/stm32f0xx_hal_pwr_ex.o
LOAD ./Drivers/STM32F0xx_HAL_Driver/Src/stm32f0xx_hal_rcc.o
LOAD ./Drivers/STM32F0xx_HAL_Driver/Src/stm32f0xx_hal_rcc_ex.o
LOAD ./Drivers/STM32F0xx_HAL_Driver/Src/stm32f0xx_hal_spi.o
LOAD ./Drivers/STM32F0xx_HAL_Driver/Src/stm32f0xx_hal_spi_ex.o
LOAD ./Drivers/STM32F0xx_HAL_Driver/Src/stm32f0xx_hal_tim.o
LOAD ./Drivers/STM32F0xx_HAL_Driver/Src/stm32f0xx_hal_tim_ex.o
LOAD ./Drivers/STM32F0xx_HAL_Driver/Src/stm32f0xx_hal_uart.o
LOAD ./Drivers/STM32F0xx_HAL_Driver/Src/stm32f0xx_hal_uart_ex.o
START GROUP
LOAD c:/st/stm32cubeide_1.10.1/stm32cubeide/plugins/com.st.stm32cube.ide.mcu.externaltools.gnu-tools-for-stm32.10.3-2021.10.win32_1.0.200.202301161003/tools/bin/../lib/gcc/arm-none-eabi/10.3.1/../../../../arm-none-eabi/lib/thumb/v6-m/nofp\libstdc++_nano.a
LOAD c:/st/stm32cubeide_1.10.1/stm32cubeide/plugins/com.st.stm32cube.ide.mcu.externaltools.gnu-tools-for-stm32.10.3-2021.10.win32_1.0.200.202301161003/tools/bin/../lib/gcc/arm-none-eabi/10.3.1/../../../../arm-none-eabi/lib/thumb/v6-m/nofp\libsupc++_nano.a
END GROUP
LOAD c:/st/stm32cubeide_1.10.1/stm32cubeide/plugins/com.st.stm32cube.ide.mcu.externaltools.gnu-tools-for-stm32.10.3-2021.10.win32_1.0.200.202301161003/tools/bin/../lib/gcc/arm-none-eabi/10.3.1/../../../../arm-none-eabi/lib/thumb/v6-m/nofp\libstdc++_nano.a
LOAD c:/st/stm32cubeide_1.10.1/stm32cubeide/plugins/com.st.stm32cube.ide.mcu.externaltools.gnu-tools-for-stm32.10.3-2021.10.win32_1.0.200.202301161003/tools/bin/../lib/gcc/arm-none-eabi/10.3.1/../../../../arm-none-eabi/lib/thumb/v6-m/nofp\libm.a
LOAD c:/st/stm32cubeide_1.10.1/stm32cubeide/plugins/com.st.stm32cube.ide.mcu.externaltools.gnu-tools-for-stm32.10.3-2021.10.win32_1.0.200.202301161003/tools/bin/../lib/gcc/arm-none-eabi/10.3.1/../../../../arm-none-eabi/lib/thumb/v6-m/nofp\libc_nano.a
START GROUP
LOAD c:/st/stm32cubeide_1.10.1/stm32cubeide/plugins/com.st.stm32cube.ide.mcu.externaltools.gnu-tools-for-stm32.10.3-2021.10.win32_1.0.200.202301161003/tools/bin/../lib/gcc/arm-none-eabi/10.3.1/thumb/v6-m/nofp\libgcc.a
LOAD c:/st/stm32cubeide_1.10.1/stm32cubeide/plugins/com.st.stm32cube.ide.mcu.externaltools.gnu-tools-for-stm32.10.3-2021.10.win32_1.0.200.202301161003/tools/bin/../lib/gcc/arm-none-eabi/10.3.1/../../../../arm-none-eabi/lib/thumb/v6-m/nofp\libc_nano.a
END GROUP
START GROUP
LOAD c:/st/stm32cubeide_1.10.1/stm32cubeide/plugins/com.st.stm32cube.ide.mcu.externaltools.gnu-tools-for-stm32.10.3-2021.10.win32_1.0.200.202301161003/tools/bin/../lib/gcc/arm-none-eabi/10.3.1/thumb/v6-m/nofp\libgcc.a
LOAD c:/st/stm32cubeide_1.10.1/stm32cubeide/plugins/com.st.stm32cube.ide.mcu.externaltools.gnu-tools-for-stm32.10.3-2021.10.win32_1.0.200.202301161003/tools/bin/../lib/gcc/arm-none-eabi/10.3.1/../../../../arm-none-eabi/lib/thumb/v6-m/nofp\libc_nano.a
LOAD c:/st/stm32cubeide_1.10.1/stm32cubeide/plugins/com.st.stm32cube.ide.mcu.externaltools.gnu-tools-for-stm32.10.3-2021.10.win32_1.0.200.202301161003/tools/bin/../lib/gcc/arm-none-eabi/10.3.1/../../../../arm-none-eabi/lib/thumb/v6-m/nofp\libnosys.a
END GROUP
START GROUP
LOAD c:/st/stm32cubeide_1.10.1/stm32cubeide/plugins/com.st.stm32cube.ide.mcu.externaltools.gnu-tools-for-stm32.10.3-2021.10.win32_1.0.200.202301161003/tools/bin/../lib/gcc/arm-none-eabi/10.3.1/thumb/v6-m/nofp\libgcc.a
LOAD c:/st/stm32cubeide_1.10.1/stm32cubeide/plugins/com.st.stm32cube.ide.mcu.externaltools.gnu-tools-for-stm32.10.3-2021.10.win32_1.0.200.202301161003/tools/bin/../lib/gcc/arm-none-eabi/10.3.1/../../../../arm-none-eabi/lib/thumb/v6-m/nofp\libc_nano.a
LOAD c:/st/stm32cubeide_1.10.1/stm32cubeide/plugins/com.st.stm32cube.ide.mcu.externaltools.gnu-tools-for-stm32.10.3-2021.10.win32_1.0.200.202301161003/tools/bin/../lib/gcc/arm-none-eabi/10.3.1/../../../../arm-none-eabi/lib/thumb/v6-m/nofp\libnosys.a
END GROUP
LOAD c:/st/stm32cubeide_1.10.1/stm32cubeide/plugins/com.st.stm32cube.ide.mcu.externaltools.gnu-tools-for-stm32.10.3-2021.10.win32_1.0.200.202301161003/tools/bin/../lib/gcc/arm-none-eabi/10.3.1/thumb/v6-m/nofp/crtend.o
LOAD c:/st/stm32cubeide_1.10.1/stm32cubeide/plugins/com.st.stm32cube.ide.mcu.externaltools.gnu-tools-for-stm32.10.3-2021.10.win32_1.0.200.202301161003/tools/bin/../lib/gcc/arm-none-eabi/10.3.1/thumb/v6-m/nofp/crtn.o
                0x0000000020002000                _estack = (ORIGIN (RAM) + LENGTH (RAM))
                0x0000000000000200                _Min_Heap_Size = 0x200
                0x0000000000000400                _Min_Stack_Size = 0x400

.isr_vector     0x0000000008000000       0xc0
                0x0000000008000000                . = ALIGN (0x4)
 *(.isr_vector)
 .isr_vector    0x0000000008000000       0xc0 ./Core/Startup/startup_stm32f030r8tx.o
                0x0000000008000000                g_pfnVectors
                0x00000000080000c0                . = ALIGN (0x4)

.text           0x00000000080000c0     0x5030
                0x00000000080000c0                . = ALIGN (0x4)
 *(.text)
 .text          0x00000000080000c0       0x48 c:/st/stm32cubeide_1.10.1/stm32cubeide/plugins/com.st.stm32cube.ide.mcu.externaltools.gnu-tools-for-stm32.10.3-2021.10.win32_1.0.200.202301161003/tools/bin/../lib/gcc/arm-none-eabi/10.3.1/thumb/v6-m/nofp/crtbegin.o
 .text          0x0000000008000108      0x114 c:/st/stm32cubeide_1.10.1/stm32cubeide/plugins/com.st.stm32cube.ide.mcu.externaltools.gnu-tools-for-stm32.10.3-2021.10.win32_1.0.200.202301161003/tools/bin/../lib/gcc/arm-none-eabi/10.3.1/thumb/v6-m/nofp\libgcc.a(_udivsi3.o)
                0x0000000008000108                __aeabi_uidiv
                0x0000000008000108                __udivsi3
                0x0000000008000214                __aeabi_uidivmod
 .text          0x000000000800021c        0x4 c:/st/stm32cubeide_1.10.1/stm32cubeide/plugins/com.st.stm32cube.ide.mcu.externaltools.gnu-tools-for-stm32.10.3-2021.10.win32_1.0.200.202301161003/tools/bin/../lib/gcc/arm-none-eabi/10.3.1/thumb/v6-m/nofp\libgcc.a(_dvmd_tls.o)
                0x000000000800021c                __aeabi_idiv0
                0x000000000800021c                __aeabi_ldiv0
 *(.text*)
 .text._ZN7SpiPortC2Ev
                0x0000000008000220       0x74 ./Core/Src/SpiPort.o
                0x0000000008000220                SpiPort::SpiPort()
                0x0000000008000220                SpiPort::SpiPort()
 .text._ZN7SpiPort5setCSEP12GPIO_TypeDefh
                0x0000000008000294       0x26 ./Core/Src/SpiPort.o
                0x0000000008000294                SpiPort::setCS(GPIO_TypeDef*, unsigned char)
 .text._ZN7SpiPort5setTuEPhS0_S0_S0_
                0x00000000080002ba       0x5e ./Core/Src/SpiPort.o
                0x00000000080002ba                SpiPort::setTu(unsigned char*, unsigned char*, unsigned char*, unsigned char*)
 .text._ZN7SpiPort6selectEv
                0x0000000008000318       0x24 ./Core/Src/SpiPort.o
                0x0000000008000318                SpiPort::select()
 .text._ZN7SpiPort8unSelectEv
                0x000000000800033c       0x24 ./Core/Src/SpiPort.o
                0x000000000800033c                SpiPort::unSelect()
 .text._ZN7SpiPort10isRxSummOkEv
                0x0000000008000360       0x42 ./Core/Src/SpiPort.o
                0x0000000008000360                SpiPort::isRxSummOk()
 .text._ZN7SpiPort9isChangedEv
                0x00000000080003a2       0x7a ./Core/Src/SpiPort.o
                0x00000000080003a2                SpiPort::isChanged()
 .text._ZN7SpiPort5getTsEv
                0x000000000800041c       0x12 ./Core/Src/SpiPort.o
                0x000000000800041c                SpiPort::getTs()
 .text._ZN7SpiPort5getTuEv
                0x000000000800042e       0x14 ./Core/Src/SpiPort.o
                0x000000000800042e                SpiPort::getTu()
 *fill*         0x0000000008000442        0x2 
 .text.HAL_UART_RxCpltCallback
                0x0000000008000444       0x28 ./Core/Src/main.o
                0x0000000008000444                HAL_UART_RxCpltCallback
 .text.uartInterrupt
                0x000000000800046c       0x74 ./Core/Src/main.o
                0x000000000800046c                uartInterrupt
 .text.HAL_UART_ErrorCallback
                0x00000000080004e0       0x50 ./Core/Src/main.o
                0x00000000080004e0                HAL_UART_ErrorCallback
 .text.HAL_SPI_ErrorCallback
                0x0000000008000530       0x78 ./Core/Src/main.o
                0x0000000008000530                HAL_SPI_ErrorCallback
 .text.HAL_SPI_TxRxCpltCallback
                0x00000000080005a8       0x1c ./Core/Src/main.o
                0x00000000080005a8                HAL_SPI_TxRxCpltCallback
 .text.uartProcessing
                0x00000000080005c4      0x208 ./Core/Src/main.o
                0x00000000080005c4                uartProcessing
 .text.HAL_UART_TxCpltCallback
                0x00000000080007cc       0x1c ./Core/Src/main.o
                0x00000000080007cc                HAL_UART_TxCpltCallback
 .text.timInit  0x00000000080007e8       0x48 ./Core/Src/main.o
                0x00000000080007e8                timInit
 .text.spiPortInit
                0x0000000008000830       0xd4 ./Core/Src/main.o
                0x0000000008000830                spiPortInit
 .text.main     0x0000000008000904      0x468 ./Core/Src/main.o
                0x0000000008000904                main
 .text._Z18SystemClock_Configv
                0x0000000008000d6c       0xaa ./Core/Src/main.o
                0x0000000008000d6c                SystemClock_Config()
 *fill*         0x0000000008000e16        0x2 
 .text._ZL12MX_IWDG_Initv
                0x0000000008000e18       0x48 ./Core/Src/main.o
 .text._ZL12MX_SPI1_Initv
                0x0000000008000e60       0x84 ./Core/Src/main.o
 .text._ZL19MX_USART2_UART_Initv
                0x0000000008000ee4       0x68 ./Core/Src/main.o
 .text._ZL11MX_DMA_Initv
                0x0000000008000f4c       0x4c ./Core/Src/main.o
 .text._ZL12MX_GPIO_Initv
                0x0000000008000f98       0xe8 ./Core/Src/main.o
 .text.Error_Handler
                0x0000000008001080        0xa ./Core/Src/main.o
                0x0000000008001080                Error_Handler
 *fill*         0x000000000800108a        0x2 
 .text._Z41__static_initialization_and_destruction_0ii
                0x000000000800108c       0x94 ./Core/Src/main.o
 .text._GLOBAL__sub_I_hiwdg
                0x0000000008001120       0x18 ./Core/Src/main.o
 .text._GLOBAL__sub_D_hiwdg
                0x0000000008001138       0x18 ./Core/Src/main.o
 .text.HAL_MspInit
                0x0000000008001150       0x48 ./Core/Src/stm32f0xx_hal_msp.o
                0x0000000008001150                HAL_MspInit
 .text.HAL_SPI_MspInit
                0x0000000008001198      0x154 ./Core/Src/stm32f0xx_hal_msp.o
                0x0000000008001198                HAL_SPI_MspInit
 .text.HAL_UART_MspInit
                0x00000000080012ec      0x154 ./Core/Src/stm32f0xx_hal_msp.o
                0x00000000080012ec                HAL_UART_MspInit
 .text.NMI_Handler
                0x0000000008001440        0x6 ./Core/Src/stm32f0xx_it.o
                0x0000000008001440                NMI_Handler
 .text.HardFault_Handler
                0x0000000008001446        0x6 ./Core/Src/stm32f0xx_it.o
                0x0000000008001446                HardFault_Handler
 .text.SVC_Handler
                0x000000000800144c        0xa ./Core/Src/stm32f0xx_it.o
                0x000000000800144c                SVC_Handler
 .text.PendSV_Handler
                0x0000000008001456        0xa ./Core/Src/stm32f0xx_it.o
                0x0000000008001456                PendSV_Handler
 .text.SysTick_Handler
                0x0000000008001460        0xe ./Core/Src/stm32f0xx_it.o
                0x0000000008001460                SysTick_Handler
 *fill*         0x000000000800146e        0x2 
 .text.DMA1_Channel2_3_IRQHandler
                0x0000000008001470       0x24 ./Core/Src/stm32f0xx_it.o
                0x0000000008001470                DMA1_Channel2_3_IRQHandler
 .text.DMA1_Channel4_5_IRQHandler
                0x0000000008001494       0x24 ./Core/Src/stm32f0xx_it.o
                0x0000000008001494                DMA1_Channel4_5_IRQHandler
 .text.SPI1_IRQHandler
                0x00000000080014b8       0x18 ./Core/Src/stm32f0xx_it.o
                0x00000000080014b8                SPI1_IRQHandler
 .text.USART2_IRQHandler
                0x00000000080014d0       0x18 ./Core/Src/stm32f0xx_it.o
                0x00000000080014d0                USART2_IRQHandler
 .text.SystemInit
                0x00000000080014e8        0xa ./Core/Src/system_stm32f0xx.o
                0x00000000080014e8                SystemInit
 *fill*         0x00000000080014f2        0x2 
 .text._ZN6CTimerC2Embb
                0x00000000080014f4       0x58 ./Core/Src/timer.o
                0x00000000080014f4                CTimer::CTimer(unsigned long, bool, bool)
                0x00000000080014f4                CTimer::CTimer(unsigned long, bool, bool)
 .text._ZN6CTimerD2Ev
                0x000000000800154c       0x20 ./Core/Src/timer.o
                0x000000000800154c                CTimer::~CTimer()
                0x000000000800154c                CTimer::~CTimer()
 .text._ZN6CTimer3RunEv
                0x000000000800156c       0x48 ./Core/Src/timer.o
                0x000000000800156c                CTimer::Run()
 .text._ZN6CTimer10SetDefaultEmb
                0x00000000080015b4       0x60 ./Core/Src/timer.o
                0x00000000080015b4                CTimer::SetDefault(unsigned long, bool)
 .text._ZN6CTimer5ResetEv
                0x0000000008001614       0x38 ./Core/Src/timer.o
                0x0000000008001614                CTimer::Reset()
 .text._ZN6CTimer3OffEv
                0x000000000800164c       0x24 ./Core/Src/timer.o
                0x000000000800164c                CTimer::Off()
 .text._ZN6CTimer8GetEventEv
                0x0000000008001670       0x28 ./Core/Src/timer.o
                0x0000000008001670                CTimer::GetEvent()
 .text._ZN6CTimer5IsOffEv
                0x0000000008001698       0x32 ./Core/Src/timer.o
                0x0000000008001698                CTimer::IsOff()
 *fill*         0x00000000080016ca        0x2 
 .text.HAL_IncTick
                0x00000000080016cc       0x18 ./Core/Src/timer.o
                0x00000000080016cc                HAL_IncTick
 .text.Reset_Handler
                0x00000000080016e4       0x50 ./Core/Startup/startup_stm32f030r8tx.o
                0x00000000080016e4                Reset_Handler
 .text.Default_Handler
                0x0000000008001734        0x2 ./Core/Startup/startup_stm32f030r8tx.o
                0x0000000008001734                TIM1_CC_IRQHandler
                0x0000000008001734                TIM6_IRQHandler
                0x0000000008001734                I2C1_IRQHandler
                0x0000000008001734                EXTI2_3_IRQHandler
                0x0000000008001734                ADC1_IRQHandler
                0x0000000008001734                I2C2_IRQHandler
                0x0000000008001734                TIM17_IRQHandler
                0x0000000008001734                RTC_IRQHandler
                0x0000000008001734                TIM16_IRQHandler
                0x0000000008001734                TIM3_IRQHandler
                0x0000000008001734                EXTI4_15_IRQHandler
                0x0000000008001734                RCC_IRQHandler
                0x0000000008001734                DMA1_Channel1_IRQHandler
                0x0000000008001734                Default_Handler
                0x0000000008001734                TIM14_IRQHandler
                0x0000000008001734                TIM15_IRQHandler
                0x0000000008001734                EXTI0_1_IRQHandler
                0x0000000008001734                SPI2_IRQHandler
                0x0000000008001734                WWDG_IRQHandler
                0x0000000008001734                FLASH_IRQHandler
                0x0000000008001734                USART1_IRQHandler
                0x0000000008001734                TIM1_BRK_UP_TRG_COM_IRQHandler
 *fill*         0x0000000008001736        0x2 
 .text.HAL_Init
                0x0000000008001738       0x28 ./Drivers/STM32F0xx_HAL_Driver/Src/stm32f0xx_hal.o
                0x0000000008001738                HAL_Init
 .text.HAL_InitTick
                0x0000000008001760       0x68 ./Drivers/STM32F0xx_HAL_Driver/Src/stm32f0xx_hal.o
                0x0000000008001760                HAL_InitTick
 .text.HAL_GetTick
                0x00000000080017c8       0x14 ./Drivers/STM32F0xx_HAL_Driver/Src/stm32f0xx_hal.o
                0x00000000080017c8                HAL_GetTick
 .text.__NVIC_EnableIRQ
                0x00000000080017dc       0x34 ./Drivers/STM32F0xx_HAL_Driver/Src/stm32f0xx_hal_cortex.o
 .text.__NVIC_SetPriority
                0x0000000008001810       0xdc ./Drivers/STM32F0xx_HAL_Driver/Src/stm32f0xx_hal_cortex.o
 .text.SysTick_Config
                0x00000000080018ec       0x48 ./Drivers/STM32F0xx_HAL_Driver/Src/stm32f0xx_hal_cortex.o
 .text.HAL_NVIC_SetPriority
                0x0000000008001934       0x2a ./Drivers/STM32F0xx_HAL_Driver/Src/stm32f0xx_hal_cortex.o
                0x0000000008001934                HAL_NVIC_SetPriority
 .text.HAL_NVIC_EnableIRQ
                0x000000000800195e       0x20 ./Drivers/STM32F0xx_HAL_Driver/Src/stm32f0xx_hal_cortex.o
                0x000000000800195e                HAL_NVIC_EnableIRQ
 .text.HAL_SYSTICK_Config
                0x000000000800197e       0x1a ./Drivers/STM32F0xx_HAL_Driver/Src/stm32f0xx_hal_cortex.o
                0x000000000800197e                HAL_SYSTICK_Config
 .text.HAL_DMA_Init
                0x0000000008001998       0x90 ./Drivers/STM32F0xx_HAL_Driver/Src/stm32f0xx_hal_dma.o
                0x0000000008001998                HAL_DMA_Init
 .text.HAL_DMA_Start_IT
                0x0000000008001a28       0xcc ./Drivers/STM32F0xx_HAL_Driver/Src/stm32f0xx_hal_dma.o
                0x0000000008001a28                HAL_DMA_Start_IT
 .text.HAL_DMA_Abort
                0x0000000008001af4       0x70 ./Drivers/STM32F0xx_HAL_Driver/Src/stm32f0xx_hal_dma.o
                0x0000000008001af4                HAL_DMA_Abort
 .text.HAL_DMA_Abort_IT
                0x0000000008001b64       0x8a ./Drivers/STM32F0xx_HAL_Driver/Src/stm32f0xx_hal_dma.o
                0x0000000008001b64                HAL_DMA_Abort_IT
 .text.HAL_DMA_IRQHandler
                0x0000000008001bee      0x144 ./Drivers/STM32F0xx_HAL_Driver/Src/stm32f0xx_hal_dma.o
                0x0000000008001bee                HAL_DMA_IRQHandler
 .text.HAL_DMA_GetError
                0x0000000008001d32       0x14 ./Drivers/STM32F0xx_HAL_Driver/Src/stm32f0xx_hal_dma.o
                0x0000000008001d32                HAL_DMA_GetError
 .text.DMA_SetConfig
                0x0000000008001d46       0x58 ./Drivers/STM32F0xx_HAL_Driver/Src/stm32f0xx_hal_dma.o
 *fill*         0x0000000008001d9e        0x2 
 .text.DMA_CalcBaseAndBitshift
                0x0000000008001da0       0x38 ./Drivers/STM32F0xx_HAL_Driver/Src/stm32f0xx_hal_dma.o
 .text.HAL_GPIO_Init
                0x0000000008001dd8      0x2e0 ./Drivers/STM32F0xx_HAL_Driver/Src/stm32f0xx_hal_gpio.o
                0x0000000008001dd8                HAL_GPIO_Init
 .text.HAL_GPIO_WritePin
                0x00000000080020b8       0x3a ./Drivers/STM32F0xx_HAL_Driver/Src/stm32f0xx_hal_gpio.o
                0x00000000080020b8                HAL_GPIO_WritePin
 *fill*         0x00000000080020f2        0x2 
 .text.HAL_IWDG_Init
                0x00000000080020f4       0xa4 ./Drivers/STM32F0xx_HAL_Driver/Src/stm32f0xx_hal_iwdg.o
                0x00000000080020f4                HAL_IWDG_Init
 .text.HAL_IWDG_Refresh
                0x0000000008002198       0x20 ./Drivers/STM32F0xx_HAL_Driver/Src/stm32f0xx_hal_iwdg.o
                0x0000000008002198                HAL_IWDG_Refresh
 .text.HAL_RCC_OscConfig
                0x00000000080021b8      0x634 ./Drivers/STM32F0xx_HAL_Driver/Src/stm32f0xx_hal_rcc.o
                0x00000000080021b8                HAL_RCC_OscConfig
 .text.HAL_RCC_ClockConfig
                0x00000000080027ec      0x19c ./Drivers/STM32F0xx_HAL_Driver/Src/stm32f0xx_hal_rcc.o
                0x00000000080027ec                HAL_RCC_ClockConfig
 .text.HAL_RCC_GetSysClockFreq
                0x0000000008002988       0xac ./Drivers/STM32F0xx_HAL_Driver/Src/stm32f0xx_hal_rcc.o
                0x0000000008002988                HAL_RCC_GetSysClockFreq
 .text.HAL_RCC_GetHCLKFreq
                0x0000000008002a34       0x14 ./Drivers/STM32F0xx_HAL_Driver/Src/stm32f0xx_hal_rcc.o
                0x0000000008002a34                HAL_RCC_GetHCLKFreq
 .text.HAL_RCC_GetPCLK1Freq
                0x0000000008002a48       0x2c ./Drivers/STM32F0xx_HAL_Driver/Src/stm32f0xx_hal_rcc.o
                0x0000000008002a48                HAL_RCC_GetPCLK1Freq
 .text.HAL_SPI_Init
                0x0000000008002a74      0x170 ./Drivers/STM32F0xx_HAL_Driver/Src/stm32f0xx_hal_spi.o
                0x0000000008002a74                HAL_SPI_Init
 .text.HAL_SPI_TransmitReceive_DMA
                0x0000000008002be4      0x378 ./Drivers/STM32F0xx_HAL_Driver/Src/stm32f0xx_hal_spi.o
                0x0000000008002be4                HAL_SPI_TransmitReceive_DMA
 .text.HAL_SPI_Abort
                0x0000000008002f5c      0x244 ./Drivers/STM32F0xx_HAL_Driver/Src/stm32f0xx_hal_spi.o
                0x0000000008002f5c                HAL_SPI_Abort
 .text.HAL_SPI_IRQHandler
                0x00000000080031a0      0x1fc ./Drivers/STM32F0xx_HAL_Driver/Src/stm32f0xx_hal_spi.o
                0x00000000080031a0                HAL_SPI_IRQHandler
 .text.HAL_SPI_RxCpltCallback
                0x000000000800339c       0x10 ./Drivers/STM32F0xx_HAL_Driver/Src/stm32f0xx_hal_spi.o
                0x000000000800339c                HAL_SPI_RxCpltCallback
 .text.HAL_SPI_RxHalfCpltCallback
                0x00000000080033ac       0x10 ./Drivers/STM32F0xx_HAL_Driver/Src/stm32f0xx_hal_spi.o
                0x00000000080033ac                HAL_SPI_RxHalfCpltCallback
 .text.HAL_SPI_TxRxHalfCpltCallback
                0x00000000080033bc       0x10 ./Drivers/STM32F0xx_HAL_Driver/Src/stm32f0xx_hal_spi.o
                0x00000000080033bc                HAL_SPI_TxRxHalfCpltCallback
 .text.SPI_DMAReceiveCplt
                0x00000000080033cc       0xb0 ./Drivers/STM32F0xx_HAL_Driver/Src/stm32f0xx_hal_spi.o
 .text.SPI_DMATransmitReceiveCplt
                0x000000000800347c       0x96 ./Drivers/STM32F0xx_HAL_Driver/Src/stm32f0xx_hal_spi.o
 .text.SPI_DMAHalfReceiveCplt
                0x0000000008003512       0x1e ./Drivers/STM32F0xx_HAL_Driver/Src/stm32f0xx_hal_spi.o
 .text.SPI_DMAHalfTransmitReceiveCplt
                0x0000000008003530       0x1e ./Drivers/STM32F0xx_HAL_Driver/Src/stm32f0xx_hal_spi.o
 .text.SPI_DMAError
                0x000000000800354e       0x42 ./Drivers/STM32F0xx_HAL_Driver/Src/stm32f0xx_hal_spi.o
 .text.SPI_DMAAbortOnError
                0x0000000008003590       0x2c ./Drivers/STM32F0xx_HAL_Driver/Src/stm32f0xx_hal_spi.o
 .text.SPI_WaitFlagStateUntilTimeout
                0x00000000080035bc      0x11c ./Drivers/STM32F0xx_HAL_Driver/Src/stm32f0xx_hal_spi.o
 .text.SPI_WaitFifoStateUntilTimeout
                0x00000000080036d8      0x144 ./Drivers/STM32F0xx_HAL_Driver/Src/stm32f0xx_hal_spi.o
 .text.SPI_EndRxTransaction
                0x000000000800381c       0xbc ./Drivers/STM32F0xx_HAL_Driver/Src/stm32f0xx_hal_spi.o
 .text.SPI_EndRxTxTransaction
                0x00000000080038d8       0x8c ./Drivers/STM32F0xx_HAL_Driver/Src/stm32f0xx_hal_spi.o
 .text.SPI_AbortRx_ISR
                0x0000000008003964       0xbc ./Drivers/STM32F0xx_HAL_Driver/Src/stm32f0xx_hal_spi.o
 .text.SPI_AbortTx_ISR
                0x0000000008003a20      0x13c ./Drivers/STM32F0xx_HAL_Driver/Src/stm32f0xx_hal_spi.o
 .text.HAL_UART_Init
                0x0000000008003b5c       0xa8 ./Drivers/STM32F0xx_HAL_Driver/Src/stm32f0xx_hal_uart.o
                0x0000000008003b5c                HAL_UART_Init
 .text.HAL_UART_Transmit_DMA
                0x0000000008003c04      0x120 ./Drivers/STM32F0xx_HAL_Driver/Src/stm32f0xx_hal_uart.o
                0x0000000008003c04                HAL_UART_Transmit_DMA
 .text.HAL_UART_Receive_DMA
                0x0000000008003d24       0xae ./Drivers/STM32F0xx_HAL_Driver/Src/stm32f0xx_hal_uart.o
                0x0000000008003d24                HAL_UART_Receive_DMA
 *fill*         0x0000000008003dd2        0x2 
 .text.HAL_UART_AbortReceive
                0x0000000008003dd4      0x15c ./Drivers/STM32F0xx_HAL_Driver/Src/stm32f0xx_hal_uart.o
                0x0000000008003dd4                HAL_UART_AbortReceive
 .text.HAL_UART_IRQHandler
                0x0000000008003f30      0x590 ./Drivers/STM32F0xx_HAL_Driver/Src/stm32f0xx_hal_uart.o
                0x0000000008003f30                HAL_UART_IRQHandler
 .text.HAL_UART_TxHalfCpltCallback
                0x00000000080044c0       0x10 ./Drivers/STM32F0xx_HAL_Driver/Src/stm32f0xx_hal_uart.o
                0x00000000080044c0                HAL_UART_TxHalfCpltCallback
 .text.HAL_UART_RxHalfCpltCallback
                0x00000000080044d0       0x10 ./Drivers/STM32F0xx_HAL_Driver/Src/stm32f0xx_hal_uart.o
                0x00000000080044d0                HAL_UART_RxHalfCpltCallback
 .text.HAL_UARTEx_RxEventCallback
                0x00000000080044e0       0x16 ./Drivers/STM32F0xx_HAL_Driver/Src/stm32f0xx_hal_uart.o
                0x00000000080044e0                HAL_UARTEx_RxEventCallback
 *fill*         0x00000000080044f6        0x2 
 .text.UART_SetConfig
                0x00000000080044f8      0x280 ./Drivers/STM32F0xx_HAL_Driver/Src/stm32f0xx_hal_uart.o
                0x00000000080044f8                UART_SetConfig
 .text.UART_AdvFeatureConfig
                0x0000000008004778      0x168 ./Drivers/STM32F0xx_HAL_Driver/Src/stm32f0xx_hal_uart.o
                0x0000000008004778                UART_AdvFeatureConfig
 .text.UART_CheckIdleState
                0x00000000080048e0      0x150 ./Drivers/STM32F0xx_HAL_Driver/Src/stm32f0xx_hal_uart.o
                0x00000000080048e0                UART_CheckIdleState
 .text.UART_WaitOnFlagUntilTimeout
                0x0000000008004a30       0xd2 ./Drivers/STM32F0xx_HAL_Driver/Src/stm32f0xx_hal_uart.o
                0x0000000008004a30                UART_WaitOnFlagUntilTimeout
 *fill*         0x0000000008004b02        0x2 
 .text.UART_Start_Receive_DMA
                0x0000000008004b04      0x140 ./Drivers/STM32F0xx_HAL_Driver/Src/stm32f0xx_hal_uart.o
                0x0000000008004b04                UART_Start_Receive_DMA
 .text.UART_EndTxTransfer
                0x0000000008004c44       0x48 ./Drivers/STM32F0xx_HAL_Driver/Src/stm32f0xx_hal_uart.o
 .text.UART_EndRxTransfer
                0x0000000008004c8c       0xc8 ./Drivers/STM32F0xx_HAL_Driver/Src/stm32f0xx_hal_uart.o
 .text.UART_DMATransmitCplt
                0x0000000008004d54       0x94 ./Drivers/STM32F0xx_HAL_Driver/Src/stm32f0xx_hal_uart.o
 .text.UART_DMATxHalfCplt
                0x0000000008004de8       0x1e ./Drivers/STM32F0xx_HAL_Driver/Src/stm32f0xx_hal_uart.o
 *fill*         0x0000000008004e06        0x2 
 .text.UART_DMAReceiveCplt
                0x0000000008004e08      0x12c ./Drivers/STM32F0xx_HAL_Driver/Src/stm32f0xx_hal_uart.o
 .text.UART_DMARxHalfCplt
                0x0000000008004f34       0x42 ./Drivers/STM32F0xx_HAL_Driver/Src/stm32f0xx_hal_uart.o
 .text.UART_DMAError
                0x0000000008004f76       0x84 ./Drivers/STM32F0xx_HAL_Driver/Src/stm32f0xx_hal_uart.o
 .text.UART_DMAAbortOnError
                0x0000000008004ffa       0x2e ./Drivers/STM32F0xx_HAL_Driver/Src/stm32f0xx_hal_uart.o
 .text.UART_EndTransmit_IT
                0x0000000008005028       0x56 ./Drivers/STM32F0xx_HAL_Driver/Src/stm32f0xx_hal_uart.o
 *fill*         0x000000000800507e        0x2 
 .text.__libc_init_array
                0x0000000008005080       0x48 c:/st/stm32cubeide_1.10.1/stm32cubeide/plugins/com.st.stm32cube.ide.mcu.externaltools.gnu-tools-for-stm32.10.3-2021.10.win32_1.0.200.202301161003/tools/bin/../lib/gcc/arm-none-eabi/10.3.1/../../../../arm-none-eabi/lib/thumb/v6-m/nofp\libc_nano.a(lib_a-init.o)
                0x0000000008005080                __libc_init_array
 .text.memset   0x00000000080050c8       0x10 c:/st/stm32cubeide_1.10.1/stm32cubeide/plugins/com.st.stm32cube.ide.mcu.externaltools.gnu-tools-for-stm32.10.3-2021.10.win32_1.0.200.202301161003/tools/bin/../lib/gcc/arm-none-eabi/10.3.1/../../../../arm-none-eabi/lib/thumb/v6-m/nofp\libc_nano.a(lib_a-memset.o)
                0x00000000080050c8                memset
 *(.glue_7)
 .glue_7        0x00000000080050d8        0x0 linker stubs
 *(.glue_7t)
 .glue_7t       0x00000000080050d8        0x0 linker stubs
 *(.eh_frame)
 .eh_frame      0x00000000080050d8        0x0 c:/st/stm32cubeide_1.10.1/stm32cubeide/plugins/com.st.stm32cube.ide.mcu.externaltools.gnu-tools-for-stm32.10.3-2021.10.win32_1.0.200.202301161003/tools/bin/../lib/gcc/arm-none-eabi/10.3.1/thumb/v6-m/nofp/crtbegin.o
 *(.init)
 .init          0x00000000080050d8        0x4 c:/st/stm32cubeide_1.10.1/stm32cubeide/plugins/com.st.stm32cube.ide.mcu.externaltools.gnu-tools-for-stm32.10.3-2021.10.win32_1.0.200.202301161003/tools/bin/../lib/gcc/arm-none-eabi/10.3.1/thumb/v6-m/nofp/crti.o
                0x00000000080050d8                _init
 .init          0x00000000080050dc        0x8 c:/st/stm32cubeide_1.10.1/stm32cubeide/plugins/com.st.stm32cube.ide.mcu.externaltools.gnu-tools-for-stm32.10.3-2021.10.win32_1.0.200.202301161003/tools/bin/../lib/gcc/arm-none-eabi/10.3.1/thumb/v6-m/nofp/crtn.o
 *(.fini)
 .fini          0x00000000080050e4        0x4 c:/st/stm32cubeide_1.10.1/stm32cubeide/plugins/com.st.stm32cube.ide.mcu.externaltools.gnu-tools-for-stm32.10.3-2021.10.win32_1.0.200.202301161003/tools/bin/../lib/gcc/arm-none-eabi/10.3.1/thumb/v6-m/nofp/crti.o
                0x00000000080050e4                _fini
 .fini          0x00000000080050e8        0x8 c:/st/stm32cubeide_1.10.1/stm32cubeide/plugins/com.st.stm32cube.ide.mcu.externaltools.gnu-tools-for-stm32.10.3-2021.10.win32_1.0.200.202301161003/tools/bin/../lib/gcc/arm-none-eabi/10.3.1/thumb/v6-m/nofp/crtn.o
                0x00000000080050f0                . = ALIGN (0x4)
                0x00000000080050f0                _etext = .

.vfp11_veneer   0x00000000080050f0        0x0
 .vfp11_veneer  0x00000000080050f0        0x0 linker stubs

.v4_bx          0x00000000080050f0        0x0
 .v4_bx         0x00000000080050f0        0x0 linker stubs

.iplt           0x00000000080050f0        0x0
 .iplt          0x00000000080050f0        0x0 c:/st/stm32cubeide_1.10.1/stm32cubeide/plugins/com.st.stm32cube.ide.mcu.externaltools.gnu-tools-for-stm32.10.3-2021.10.win32_1.0.200.202301161003/tools/bin/../lib/gcc/arm-none-eabi/10.3.1/thumb/v6-m/nofp/crtbegin.o

.rodata         0x00000000080050f0       0x38
                0x00000000080050f0                . = ALIGN (0x4)
 *(.rodata)
 *(.rodata*)
 .rodata.AHBPrescTable
                0x00000000080050f0       0x10 ./Core/Src/system_stm32f0xx.o
                0x00000000080050f0                AHBPrescTable
 .rodata.APBPrescTable
                0x0000000008005100        0x8 ./Core/Src/system_stm32f0xx.o
                0x0000000008005100                APBPrescTable
 .rodata.aPLLMULFactorTable.1
                0x0000000008005108       0x10 ./Drivers/STM32F0xx_HAL_Driver/Src/stm32f0xx_hal_rcc.o
 .rodata.aPredivFactorTable.0
                0x0000000008005118       0x10 ./Drivers/STM32F0xx_HAL_Driver/Src/stm32f0xx_hal_rcc.o
                0x0000000008005128                . = ALIGN (0x4)

.rel.dyn        0x0000000008005128        0x0
 .rel.iplt      0x0000000008005128        0x0 c:/st/stm32cubeide_1.10.1/stm32cubeide/plugins/com.st.stm32cube.ide.mcu.externaltools.gnu-tools-for-stm32.10.3-2021.10.win32_1.0.200.202301161003/tools/bin/../lib/gcc/arm-none-eabi/10.3.1/thumb/v6-m/nofp/crtbegin.o

.ARM.extab      0x0000000008005128        0x0
                0x0000000008005128                . = ALIGN (0x4)
 *(.ARM.extab* .gnu.linkonce.armextab.*)
                0x0000000008005128                . = ALIGN (0x4)

.ARM            0x0000000008005128        0x0
                0x0000000008005128                . = ALIGN (0x4)
                0x0000000008005128                __exidx_start = .
 *(.ARM.exidx*)
                0x0000000008005128                __exidx_end = .
                0x0000000008005128                . = ALIGN (0x4)

.preinit_array  0x0000000008005128        0x0
                0x0000000008005128                . = ALIGN (0x4)
                0x0000000008005128                PROVIDE (__preinit_array_start = .)
 *(.preinit_array*)
                0x0000000008005128                PROVIDE (__preinit_array_end = .)
                0x0000000008005128                . = ALIGN (0x4)

.init_array     0x0000000008005128        0x8
                0x0000000008005128                . = ALIGN (0x4)
                0x0000000008005128                PROVIDE (__init_array_start = .)
 *(SORT_BY_NAME(.init_array.*))
 *(.init_array*)
 .init_array    0x0000000008005128        0x4 c:/st/stm32cubeide_1.10.1/stm32cubeide/plugins/com.st.stm32cube.ide.mcu.externaltools.gnu-tools-for-stm32.10.3-2021.10.win32_1.0.200.202301161003/tools/bin/../lib/gcc/arm-none-eabi/10.3.1/thumb/v6-m/nofp/crtbegin.o
 .init_array    0x000000000800512c        0x4 ./Core/Src/main.o
                0x0000000008005130                PROVIDE (__init_array_end = .)
                0x0000000008005130                . = ALIGN (0x4)

.fini_array     0x0000000008005130        0x8
                0x0000000008005130                . = ALIGN (0x4)
                [!provide]                        PROVIDE (__fini_array_start = .)
 *(SORT_BY_NAME(.fini_array.*))
 *(.fini_array*)
 .fini_array    0x0000000008005130        0x4 c:/st/stm32cubeide_1.10.1/stm32cubeide/plugins/com.st.stm32cube.ide.mcu.externaltools.gnu-tools-for-stm32.10.3-2021.10.win32_1.0.200.202301161003/tools/bin/../lib/gcc/arm-none-eabi/10.3.1/thumb/v6-m/nofp/crtbegin.o
 .fini_array    0x0000000008005134        0x4 ./Core/Src/main.o
                [!provide]                        PROVIDE (__fini_array_end = .)
                0x0000000008005138                . = ALIGN (0x4)
                0x0000000008005138                _sidata = LOADADDR (.data)

.data           0x0000000020000000       0x4c load address 0x0000000008005138
                0x0000000020000000                . = ALIGN (0x4)
                0x0000000020000000                _sdata = .
 *(.data)
 *(.data*)
 .data.uartRx   0x0000000020000000        0x8 ./Core/Src/main.o
                0x0000000020000000                uartRx
 .data.uartTxSaved
                0x0000000020000008       0x37 ./Core/Src/main.o
                0x0000000020000008                uartTxSaved
 *fill*         0x000000002000003f        0x1 
 .data.SystemCoreClock
                0x0000000020000040        0x4 ./Core/Src/system_stm32f0xx.o
                0x0000000020000040                SystemCoreClock
 .data.uwTickPrio
                0x0000000020000044        0x4 ./Drivers/STM32F0xx_HAL_Driver/Src/stm32f0xx_hal.o
                0x0000000020000044                uwTickPrio
 .data.uwTickFreq
                0x0000000020000048        0x1 ./Drivers/STM32F0xx_HAL_Driver/Src/stm32f0xx_hal.o
                0x0000000020000048                uwTickFreq
 *(.RamFunc)
 *(.RamFunc*)
                0x000000002000004c                . = ALIGN (0x4)
 *fill*         0x0000000020000049        0x3 
                0x000000002000004c                _edata = .

.igot.plt       0x000000002000004c        0x0 load address 0x0000000008005184
 .igot.plt      0x000000002000004c        0x0 c:/st/stm32cubeide_1.10.1/stm32cubeide/plugins/com.st.stm32cube.ide.mcu.externaltools.gnu-tools-for-stm32.10.3-2021.10.win32_1.0.200.202301161003/tools/bin/../lib/gcc/arm-none-eabi/10.3.1/thumb/v6-m/nofp/crtbegin.o
                0x000000002000004c                . = ALIGN (0x4)

.bss            0x000000002000004c      0x520 load address 0x0000000008005184
                0x000000002000004c                _sbss = .
                0x000000002000004c                __bss_start__ = _sbss
 *(.bss)
 .bss           0x000000002000004c       0x1c c:/st/stm32cubeide_1.10.1/stm32cubeide/plugins/com.st.stm32cube.ide.mcu.externaltools.gnu-tools-for-stm32.10.3-2021.10.win32_1.0.200.202301161003/tools/bin/../lib/gcc/arm-none-eabi/10.3.1/thumb/v6-m/nofp/crtbegin.o
 *(.bss*)
 .bss.hiwdg     0x0000000020000068       0x10 ./Core/Src/main.o
                0x0000000020000068                hiwdg
 .bss.hspi1     0x0000000020000078       0x64 ./Core/Src/main.o
                0x0000000020000078                hspi1
 .bss.hdma_spi1_rx
                0x00000000200000dc       0x44 ./Core/Src/main.o
                0x00000000200000dc                hdma_spi1_rx
 .bss.hdma_spi1_tx
                0x0000000020000120       0x44 ./Core/Src/main.o
                0x0000000020000120                hdma_spi1_tx
 .bss.huart2    0x0000000020000164       0x88 ./Core/Src/main.o
                0x0000000020000164                huart2
 .bss.hdma_usart2_rx
                0x00000000200001ec       0x44 ./Core/Src/main.o
                0x00000000200001ec                hdma_usart2_rx
 .bss.hdma_usart2_tx
                0x0000000020000230       0x44 ./Core/Src/main.o
                0x0000000020000230                hdma_usart2_tx
 .bss.uartRxState
                0x0000000020000274        0x2 ./Core/Src/main.o
                0x0000000020000274                uartRxState
 .bss.uartTxState
                0x0000000020000276        0x1 ./Core/Src/main.o
                0x0000000020000276                uartTxState
 .bss.spiState  0x0000000020000277        0x1 ./Core/Src/main.o
                0x0000000020000277                spiState
 .bss.uartRxTim
                0x0000000020000278       0x10 ./Core/Src/main.o
                0x0000000020000278                uartRxTim
 .bss.uartTxTim
                0x0000000020000288       0x10 ./Core/Src/main.o
                0x0000000020000288                uartTxTim
 .bss.uartTxDelay
                0x0000000020000298       0x10 ./Core/Src/main.o
                0x0000000020000298                uartTxDelay
 .bss.uartRxBuff
                0x00000000200002a8       0x6a ./Core/Src/main.o
                0x00000000200002a8                uartRxBuff
 *fill*         0x0000000020000312        0x2 
 .bss.uartRxSaved
                0x0000000020000314       0x30 ./Core/Src/main.o
                0x0000000020000314                uartRxSaved
 .bss.rxBuffNum
                0x0000000020000344        0x1 ./Core/Src/main.o
                0x0000000020000344                rxBuffNum
 *fill*         0x0000000020000345        0x3 
 .bss.uartTx    0x0000000020000348       0x32 ./Core/Src/main.o
                0x0000000020000348                uartTx
 .bss.uartTxNum
                0x000000002000037a        0x1 ./Core/Src/main.o
                0x000000002000037a                uartTxNum
 .bss.iwdgFlag  0x000000002000037b        0x1 ./Core/Src/main.o
                0x000000002000037b                iwdgFlag
 .bss.spiPort   0x000000002000037c      0x1e0 ./Core/Src/main.o
                0x000000002000037c                spiPort
 .bss.port      0x000000002000055c        0x1 ./Core/Src/main.o
                0x000000002000055c                port
 *fill*         0x000000002000055d        0x3 
 .bss._ZN6CTimer13m_wCountTimerE
                0x0000000020000560        0x4 ./Core/Src/timer.o
                0x0000000020000560                CTimer::m_wCountTimer
 .bss._ZN6CTimer21m_wCountTick_RealmSecE
                0x0000000020000564        0x4 ./Core/Src/timer.o
                0x0000000020000564                CTimer::m_wCountTick_RealmSec
 .bss.uwTick    0x0000000020000568        0x4 ./Drivers/STM32F0xx_HAL_Driver/Src/stm32f0xx_hal.o
                0x0000000020000568                uwTick
 *(COMMON)
                0x000000002000056c                . = ALIGN (0x4)
                0x000000002000056c                _ebss = .
                0x000000002000056c                __bss_end__ = _ebss

._user_heap_stack
                0x000000002000056c      0x604 load address 0x0000000008005184
                0x0000000020000570                . = ALIGN (0x8)
 *fill*         0x000000002000056c        0x4 
                [!provide]                        PROVIDE (end = .)
                0x0000000020000570                PROVIDE (_end = .)
                0x0000000020000770                . = (. + _Min_Heap_Size)
 *fill*         0x0000000020000570      0x200 
                0x0000000020000b70                . = (. + _Min_Stack_Size)
 *fill*         0x0000000020000770      0x400 
                0x0000000020000b70                . = ALIGN (0x8)

/DISCARD/
 libc.a(*)
 libm.a(*)
 libgcc.a(*)

.ARM.attributes
                0x0000000000000000       0x28
 *(.ARM.attributes)
 .ARM.attributes
                0x0000000000000000       0x1e c:/st/stm32cubeide_1.10.1/stm32cubeide/plugins/com.st.stm32cube.ide.mcu.externaltools.gnu-tools-for-stm32.10.3-2021.10.win32_1.0.200.202301161003/tools/bin/../lib/gcc/arm-none-eabi/10.3.1/thumb/v6-m/nofp/crti.o
 .ARM.attributes
                0x000000000000001e       0x2c c:/st/stm32cubeide_1.10.1/stm32cubeide/plugins/com.st.stm32cube.ide.mcu.externaltools.gnu-tools-for-stm32.10.3-2021.10.win32_1.0.200.202301161003/tools/bin/../lib/gcc/arm-none-eabi/10.3.1/thumb/v6-m/nofp/crtbegin.o
 .ARM.attributes
                0x000000000000004a       0x2c ./Core/Src/SpiPort.o
 .ARM.attributes
                0x0000000000000076       0x2c ./Core/Src/main.o
 .ARM.attributes
                0x00000000000000a2       0x2c ./Core/Src/stm32f0xx_hal_msp.o
 .ARM.attributes
                0x00000000000000ce       0x2c ./Core/Src/stm32f0xx_it.o
 .ARM.attributes
                0x00000000000000fa       0x2c ./Core/Src/system_stm32f0xx.o
 .ARM.attributes
                0x0000000000000126       0x2c ./Core/Src/timer.o
 .ARM.attributes
                0x0000000000000152       0x21 ./Core/Startup/startup_stm32f030r8tx.o
 .ARM.attributes
                0x0000000000000173       0x2c ./Drivers/STM32F0xx_HAL_Driver/Src/stm32f0xx_hal.o
 .ARM.attributes
                0x000000000000019f       0x2c ./Drivers/STM32F0xx_HAL_Driver/Src/stm32f0xx_hal_cortex.o
 .ARM.attributes
                0x00000000000001cb       0x2c ./Drivers/STM32F0xx_HAL_Driver/Src/stm32f0xx_hal_dma.o
 .ARM.attributes
                0x00000000000001f7       0x2c ./Drivers/STM32F0xx_HAL_Driver/Src/stm32f0xx_hal_gpio.o
 .ARM.attributes
                0x0000000000000223       0x2c ./Drivers/STM32F0xx_HAL_Driver/Src/stm32f0xx_hal_iwdg.o
 .ARM.attributes
                0x000000000000024f       0x2c ./Drivers/STM32F0xx_HAL_Driver/Src/stm32f0xx_hal_rcc.o
 .ARM.attributes
                0x000000000000027b       0x2c ./Drivers/STM32F0xx_HAL_Driver/Src/stm32f0xx_hal_spi.o
 .ARM.attributes
                0x00000000000002a7       0x2c ./Drivers/STM32F0xx_HAL_Driver/Src/stm32f0xx_hal_uart.o
 .ARM.attributes
                0x00000000000002d3       0x2c c:/st/stm32cubeide_1.10.1/stm32cubeide/plugins/com.st.stm32cube.ide.mcu.externaltools.gnu-tools-for-stm32.10.3-2021.10.win32_1.0.200.202301161003/tools/bin/../lib/gcc/arm-none-eabi/10.3.1/../../../../arm-none-eabi/lib/thumb/v6-m/nofp\libc_nano.a(lib_a-init.o)
 .ARM.attributes
                0x00000000000002ff       0x2c c:/st/stm32cubeide_1.10.1/stm32cubeide/plugins/com.st.stm32cube.ide.mcu.externaltools.gnu-tools-for-stm32.10.3-2021.10.win32_1.0.200.202301161003/tools/bin/../lib/gcc/arm-none-eabi/10.3.1/../../../../arm-none-eabi/lib/thumb/v6-m/nofp\libc_nano.a(lib_a-memset.o)
 .ARM.attributes
                0x000000000000032b       0x1e c:/st/stm32cubeide_1.10.1/stm32cubeide/plugins/com.st.stm32cube.ide.mcu.externaltools.gnu-tools-for-stm32.10.3-2021.10.win32_1.0.200.202301161003/tools/bin/../lib/gcc/arm-none-eabi/10.3.1/thumb/v6-m/nofp\libgcc.a(_udivsi3.o)
 .ARM.attributes
                0x0000000000000349       0x1e c:/st/stm32cubeide_1.10.1/stm32cubeide/plugins/com.st.stm32cube.ide.mcu.externaltools.gnu-tools-for-stm32.10.3-2021.10.win32_1.0.200.202301161003/tools/bin/../lib/gcc/arm-none-eabi/10.3.1/thumb/v6-m/nofp\libgcc.a(_dvmd_tls.o)
 .ARM.attributes
                0x0000000000000367       0x1e c:/st/stm32cubeide_1.10.1/stm32cubeide/plugins/com.st.stm32cube.ide.mcu.externaltools.gnu-tools-for-stm32.10.3-2021.10.win32_1.0.200.202301161003/tools/bin/../lib/gcc/arm-none-eabi/10.3.1/thumb/v6-m/nofp/crtn.o
OUTPUT(com_rev4_without_pull_up.elf elf32-littlearm)
LOAD linker stubs
LOAD c:/st/stm32cubeide_1.10.1/stm32cubeide/plugins/com.st.stm32cube.ide.mcu.externaltools.gnu-tools-for-stm32.10.3-2021.10.win32_1.0.200.202301161003/tools/bin/../lib/gcc/arm-none-eabi/10.3.1/../../../../arm-none-eabi/lib/thumb/v6-m/nofp\libc.a
LOAD c:/st/stm32cubeide_1.10.1/stm32cubeide/plugins/com.st.stm32cube.ide.mcu.externaltools.gnu-tools-for-stm32.10.3-2021.10.win32_1.0.200.202301161003/tools/bin/../lib/gcc/arm-none-eabi/10.3.1/../../../../arm-none-eabi/lib/thumb/v6-m/nofp\libm.a
LOAD c:/st/stm32cubeide_1.10.1/stm32cubeide/plugins/com.st.stm32cube.ide.mcu.externaltools.gnu-tools-for-stm32.10.3-2021.10.win32_1.0.200.202301161003/tools/bin/../lib/gcc/arm-none-eabi/10.3.1/thumb/v6-m/nofp\libgcc.a

.debug_info     0x0000000000000000     0xbc72
 .debug_info    0x0000000000000000      0x57b ./Core/Src/SpiPort.o
 .debug_info    0x000000000000057b     0x1b8e ./Core/Src/main.o
 .debug_info    0x0000000000002109      0xe30 ./Core/Src/stm32f0xx_hal_msp.o
 .debug_info    0x0000000000002f39      0xa2c ./Core/Src/stm32f0xx_it.o
 .debug_info    0x0000000000003965      0x269 ./Core/Src/system_stm32f0xx.o
 .debug_info    0x0000000000003bce      0x6b1 ./Core/Src/timer.o
 .debug_info    0x000000000000427f       0x22 ./Core/Startup/startup_stm32f030r8tx.o
 .debug_info    0x00000000000042a1      0x6bb ./Drivers/STM32F0xx_HAL_Driver/Src/stm32f0xx_hal.o
 .debug_info    0x000000000000495c      0x6f9 ./Drivers/STM32F0xx_HAL_Driver/Src/stm32f0xx_hal_cortex.o
 .debug_info    0x0000000000005055      0x752 ./Drivers/STM32F0xx_HAL_Driver/Src/stm32f0xx_hal_dma.o
 .debug_info    0x00000000000057a7      0x611 ./Drivers/STM32F0xx_HAL_Driver/Src/stm32f0xx_hal_gpio.o
 .debug_info    0x0000000000005db8      0x209 ./Drivers/STM32F0xx_HAL_Driver/Src/stm32f0xx_hal_iwdg.o
 .debug_info    0x0000000000005fc1      0x88c ./Drivers/STM32F0xx_HAL_Driver/Src/stm32f0xx_hal_rcc.o
 .debug_info    0x000000000000684d     0x1769 ./Drivers/STM32F0xx_HAL_Driver/Src/stm32f0xx_hal_spi.o
 .debug_info    0x0000000000007fb6     0x3cbc ./Drivers/STM32F0xx_HAL_Driver/Src/stm32f0xx_hal_uart.o

.debug_abbrev   0x0000000000000000     0x1f04
 .debug_abbrev  0x0000000000000000      0x1c5 ./Core/Src/SpiPort.o
 .debug_abbrev  0x00000000000001c5      0x4ac ./Core/Src/main.o
 .debug_abbrev  0x0000000000000671      0x223 ./Core/Src/stm32f0xx_hal_msp.o
 .debug_abbrev  0x0000000000000894      0x177 ./Core/Src/stm32f0xx_it.o
 .debug_abbrev  0x0000000000000a0b      0x116 ./Core/Src/system_stm32f0xx.o
 .debug_abbrev  0x0000000000000b21      0x294 ./Core/Src/timer.o
 .debug_abbrev  0x0000000000000db5       0x12 ./Core/Startup/startup_stm32f030r8tx.o
 .debug_abbrev  0x0000000000000dc7      0x23f ./Drivers/STM32F0xx_HAL_Driver/Src/stm32f0xx_hal.o
 .debug_abbrev  0x0000000000001006      0x283 ./Drivers/STM32F0xx_HAL_Driver/Src/stm32f0xx_hal_cortex.o
 .debug_abbrev  0x0000000000001289      0x1e9 ./Drivers/STM32F0xx_HAL_Driver/Src/stm32f0xx_hal_dma.o
 .debug_abbrev  0x0000000000001472      0x1bb ./Drivers/STM32F0xx_HAL_Driver/Src/stm32f0xx_hal_gpio.o
 .debug_abbrev  0x000000000000162d      0x14a ./Drivers/STM32F0xx_HAL_Driver/Src/stm32f0xx_hal_iwdg.o
 .debug_abbrev  0x0000000000001777      0x283 ./Drivers/STM32F0xx_HAL_Driver/Src/stm32f0xx_hal_rcc.o
 .debug_abbrev  0x00000000000019fa      0x254 ./Drivers/STM32F0xx_HAL_Driver/Src/stm32f0xx_hal_spi.o
 .debug_abbrev  0x0000000000001c4e      0x2b6 ./Drivers/STM32F0xx_HAL_Driver/Src/stm32f0xx_hal_uart.o

.debug_aranges  0x0000000000000000      0x9b8
 .debug_aranges
                0x0000000000000000       0x68 ./Core/Src/SpiPort.o
 .debug_aranges
                0x0000000000000068       0xc8 ./Core/Src/main.o
 .debug_aranges
                0x0000000000000130       0x40 ./Core/Src/stm32f0xx_hal_msp.o
 .debug_aranges
                0x0000000000000170       0x60 ./Core/Src/stm32f0xx_it.o
 .debug_aranges
                0x00000000000001d0       0x28 ./Core/Src/system_stm32f0xx.o
 .debug_aranges
                0x00000000000001f8       0x90 ./Core/Src/timer.o
 .debug_aranges
                0x0000000000000288       0x28 ./Core/Startup/startup_stm32f030r8tx.o
 .debug_aranges
                0x00000000000002b0       0xd0 ./Drivers/STM32F0xx_HAL_Driver/Src/stm32f0xx_hal.o
 .debug_aranges
                0x0000000000000380       0xc0 ./Drivers/STM32F0xx_HAL_Driver/Src/stm32f0xx_hal_cortex.o
 .debug_aranges
                0x0000000000000440       0x88 ./Drivers/STM32F0xx_HAL_Driver/Src/stm32f0xx_hal_dma.o
 .debug_aranges
                0x00000000000004c8       0x58 ./Drivers/STM32F0xx_HAL_Driver/Src/stm32f0xx_hal_gpio.o
 .debug_aranges
                0x0000000000000520       0x28 ./Drivers/STM32F0xx_HAL_Driver/Src/stm32f0xx_hal_iwdg.o
 .debug_aranges
                0x0000000000000548       0x80 ./Drivers/STM32F0xx_HAL_Driver/Src/stm32f0xx_hal_rcc.o
 .debug_aranges
                0x00000000000005c8      0x1d8 ./Drivers/STM32F0xx_HAL_Driver/Src/stm32f0xx_hal_spi.o
 .debug_aranges
                0x00000000000007a0      0x218 ./Drivers/STM32F0xx_HAL_Driver/Src/stm32f0xx_hal_uart.o

.debug_ranges   0x0000000000000000      0x900
 .debug_ranges  0x0000000000000000       0x58 ./Core/Src/SpiPort.o
 .debug_ranges  0x0000000000000058       0xb8 ./Core/Src/main.o
 .debug_ranges  0x0000000000000110       0x30 ./Core/Src/stm32f0xx_hal_msp.o
 .debug_ranges  0x0000000000000140       0x50 ./Core/Src/stm32f0xx_it.o
 .debug_ranges  0x0000000000000190       0x18 ./Core/Src/system_stm32f0xx.o
 .debug_ranges  0x00000000000001a8       0x80 ./Core/Src/timer.o
 .debug_ranges  0x0000000000000228       0x20 ./Core/Startup/startup_stm32f030r8tx.o
 .debug_ranges  0x0000000000000248       0xc0 ./Drivers/STM32F0xx_HAL_Driver/Src/stm32f0xx_hal.o
 .debug_ranges  0x0000000000000308       0xb0 ./Drivers/STM32F0xx_HAL_Driver/Src/stm32f0xx_hal_cortex.o
 .debug_ranges  0x00000000000003b8       0x78 ./Drivers/STM32F0xx_HAL_Driver/Src/stm32f0xx_hal_dma.o
 .debug_ranges  0x0000000000000430       0x48 ./Drivers/STM32F0xx_HAL_Driver/Src/stm32f0xx_hal_gpio.o
 .debug_ranges  0x0000000000000478       0x18 ./Drivers/STM32F0xx_HAL_Driver/Src/stm32f0xx_hal_iwdg.o
 .debug_ranges  0x0000000000000490       0x70 ./Drivers/STM32F0xx_HAL_Driver/Src/stm32f0xx_hal_rcc.o
 .debug_ranges  0x0000000000000500      0x1c8 ./Drivers/STM32F0xx_HAL_Driver/Src/stm32f0xx_hal_spi.o
 .debug_ranges  0x00000000000006c8      0x238 ./Drivers/STM32F0xx_HAL_Driver/Src/stm32f0xx_hal_uart.o

.debug_macro    0x0000000000000000    0x11577
 .debug_macro   0x0000000000000000      0x1e5 ./Core/Src/SpiPort.o
 .debug_macro   0x00000000000001e5      0xb26 ./Core/Src/SpiPort.o
 .debug_macro   0x0000000000000d0b      0x139 ./Core/Src/SpiPort.o
 .debug_macro   0x0000000000000e44       0x2e ./Core/Src/SpiPort.o
 .debug_macro   0x0000000000000e72       0x22 ./Core/Src/SpiPort.o
 .debug_macro   0x0000000000000e94       0x1c ./Core/Src/SpiPort.o
 .debug_macro   0x0000000000000eb0       0x22 ./Core/Src/SpiPort.o
 .debug_macro   0x0000000000000ed2       0x8e ./Core/Src/SpiPort.o
 .debug_macro   0x0000000000000f60       0x51 ./Core/Src/SpiPort.o
 .debug_macro   0x0000000000000fb1      0x103 ./Core/Src/SpiPort.o
 .debug_macro   0x00000000000010b4       0x6a ./Core/Src/SpiPort.o
 .debug_macro   0x000000000000111e      0x1df ./Core/Src/SpiPort.o
 .debug_macro   0x00000000000012fd       0x1c ./Core/Src/SpiPort.o
 .debug_macro   0x0000000000001319       0x22 ./Core/Src/SpiPort.o
 .debug_macro   0x000000000000133b       0xaf ./Core/Src/SpiPort.o
 .debug_macro   0x00000000000013ea      0x391 ./Core/Src/SpiPort.o
 .debug_macro   0x000000000000177b     0x6f47 ./Core/Src/SpiPort.o
 .debug_macro   0x00000000000086c2       0x66 ./Core/Src/SpiPort.o
 .debug_macro   0x0000000000008728     0x34be ./Core/Src/SpiPort.o
 .debug_macro   0x000000000000bbe6      0x17b ./Core/Src/SpiPort.o
 .debug_macro   0x000000000000bd61       0x55 ./Core/Src/SpiPort.o
 .debug_macro   0x000000000000bdb6      0x924 ./Core/Src/SpiPort.o
 .debug_macro   0x000000000000c6da      0x17f ./Core/Src/SpiPort.o
 .debug_macro   0x000000000000c859      0x1ae ./Core/Src/SpiPort.o
 .debug_macro   0x000000000000ca07       0xd8 ./Core/Src/SpiPort.o
 .debug_macro   0x000000000000cadf      0x1a0 ./Core/Src/SpiPort.o
 .debug_macro   0x000000000000cc7f      0x1ed ./Core/Src/SpiPort.o
 .debug_macro   0x000000000000ce6c       0x34 ./Core/Src/SpiPort.o
 .debug_macro   0x000000000000cea0       0x43 ./Core/Src/SpiPort.o
 .debug_macro   0x000000000000cee3       0x28 ./Core/Src/SpiPort.o
 .debug_macro   0x000000000000cf0b       0xb0 ./Core/Src/SpiPort.o
 .debug_macro   0x000000000000cfbb      0x199 ./Core/Src/SpiPort.o
 .debug_macro   0x000000000000d154      0x22c ./Core/Src/SpiPort.o
 .debug_macro   0x000000000000d380       0x61 ./Core/Src/SpiPort.o
 .debug_macro   0x000000000000d3e1       0xa5 ./Core/Src/SpiPort.o
 .debug_macro   0x000000000000d486       0x85 ./Core/Src/SpiPort.o
 .debug_macro   0x000000000000d50b       0x4c ./Core/Src/SpiPort.o
 .debug_macro   0x000000000000d557       0x2b ./Core/Src/SpiPort.o
 .debug_macro   0x000000000000d582      0x2fe ./Core/Src/SpiPort.o
 .debug_macro   0x000000000000d880      0x56d ./Core/Src/SpiPort.o
 .debug_macro   0x000000000000dded       0x3e ./Core/Src/SpiPort.o
 .debug_macro   0x000000000000de2b       0xff ./Core/Src/SpiPort.o
 .debug_macro   0x000000000000df2a      0x3a5 ./Core/Src/main.o
 .debug_macro   0x000000000000e2cf       0x22 ./Core/Src/main.o
 .debug_macro   0x000000000000e2f1       0x52 ./Core/Src/main.o
 .debug_macro   0x000000000000e343       0x18 ./Core/Src/main.o
 .debug_macro   0x000000000000e35b       0x3c ./Core/Src/main.o
 .debug_macro   0x000000000000e397       0x34 ./Core/Src/main.o
 .debug_macro   0x000000000000e3cb       0x16 ./Core/Src/main.o
 .debug_macro   0x000000000000e3e1       0x1c ./Core/Src/main.o
 .debug_macro   0x000000000000e3fd       0x35 ./Core/Src/main.o
 .debug_macro   0x000000000000e432      0x364 ./Core/Src/main.o
 .debug_macro   0x000000000000e796       0x10 ./Core/Src/main.o
 .debug_macro   0x000000000000e7a6       0x16 ./Core/Src/main.o
 .debug_macro   0x000000000000e7bc       0x43 ./Core/Src/main.o
 .debug_macro   0x000000000000e7ff       0x34 ./Core/Src/main.o
 .debug_macro   0x000000000000e833       0x10 ./Core/Src/main.o
 .debug_macro   0x000000000000e843       0x58 ./Core/Src/main.o
 .debug_macro   0x000000000000e89b       0x71 ./Core/Src/main.o
 .debug_macro   0x000000000000e90c       0x10 ./Core/Src/main.o
 .debug_macro   0x000000000000e91c      0x12a ./Core/Src/main.o
 .debug_macro   0x000000000000ea46       0x10 ./Core/Src/main.o
 .debug_macro   0x000000000000ea56       0x1c ./Core/Src/main.o
 .debug_macro   0x000000000000ea72       0x52 ./Core/Src/main.o
 .debug_macro   0x000000000000eac4       0x22 ./Core/Src/main.o
 .debug_macro   0x000000000000eae6       0x10 ./Core/Src/main.o
 .debug_macro   0x000000000000eaf6       0x52 ./Core/Src/main.o
 .debug_macro   0x000000000000eb48       0xd5 ./Core/Src/main.o
 .debug_macro   0x000000000000ec1d       0x1c ./Core/Src/main.o
 .debug_macro   0x000000000000ec39       0x3d ./Core/Src/main.o
 .debug_macro   0x000000000000ec76       0x16 ./Core/Src/main.o
 .debug_macro   0x000000000000ec8c      0x137 ./Core/Src/main.o
 .debug_macro   0x000000000000edc3       0x4c ./Core/Src/main.o
 .debug_macro   0x000000000000ee0f       0x3a ./Core/Src/main.o
 .debug_macro   0x000000000000ee49       0x1c ./Core/Src/main.o
 .debug_macro   0x000000000000ee65      0x1d6 ./Core/Src/stm32f0xx_hal_msp.o
 .debug_macro   0x000000000000f03b      0xa4e ./Core/Src/stm32f0xx_hal_msp.o
 .debug_macro   0x000000000000fa89      0x391 ./Core/Src/stm32f0xx_hal_msp.o
 .debug_macro   0x000000000000fe1a      0x174 ./Core/Src/stm32f0xx_hal_msp.o
 .debug_macro   0x000000000000ff8e      0x1e0 ./Core/Src/stm32f0xx_it.o
 .debug_macro   0x000000000001016e      0x1cc ./Core/Src/system_stm32f0xx.o
 .debug_macro   0x000000000001033a      0x36d ./Core/Src/timer.o
 .debug_macro   0x00000000000106a7      0x1f0 ./Drivers/STM32F0xx_HAL_Driver/Src/stm32f0xx_hal.o
 .debug_macro   0x0000000000010897      0x1cc ./Drivers/STM32F0xx_HAL_Driver/Src/stm32f0xx_hal_cortex.o
 .debug_macro   0x0000000000010a63      0x1cc ./Drivers/STM32F0xx_HAL_Driver/Src/stm32f0xx_hal_dma.o
 .debug_macro   0x0000000000010c2f      0x1d3 ./Drivers/STM32F0xx_HAL_Driver/Src/stm32f0xx_hal_gpio.o
 .debug_macro   0x0000000000010e02      0x1da ./Drivers/STM32F0xx_HAL_Driver/Src/stm32f0xx_hal_iwdg.o
 .debug_macro   0x0000000000010fdc      0x1de ./Drivers/STM32F0xx_HAL_Driver/Src/stm32f0xx_hal_rcc.o
 .debug_macro   0x00000000000111ba      0x1d4 ./Drivers/STM32F0xx_HAL_Driver/Src/stm32f0xx_hal_spi.o
 .debug_macro   0x000000000001138e      0x1e9 ./Drivers/STM32F0xx_HAL_Driver/Src/stm32f0xx_hal_uart.o

.debug_line     0x0000000000000000     0xc5b1
 .debug_line    0x0000000000000000      0x8b4 ./Core/Src/SpiPort.o
 .debug_line    0x00000000000008b4     0x1054 ./Core/Src/main.o
 .debug_line    0x0000000000001908      0x822 ./Core/Src/stm32f0xx_hal_msp.o
 .debug_line    0x000000000000212a      0x7be ./Core/Src/stm32f0xx_it.o
 .debug_line    0x00000000000028e8      0x767 ./Core/Src/system_stm32f0xx.o
 .debug_line    0x000000000000304f      0xadf ./Core/Src/timer.o
 .debug_line    0x0000000000003b2e       0x89 ./Core/Startup/startup_stm32f030r8tx.o
 .debug_line    0x0000000000003bb7      0x972 ./Drivers/STM32F0xx_HAL_Driver/Src/stm32f0xx_hal.o
 .debug_line    0x0000000000004529      0xa1e ./Drivers/STM32F0xx_HAL_Driver/Src/stm32f0xx_hal_cortex.o
 .debug_line    0x0000000000004f47      0xc96 ./Drivers/STM32F0xx_HAL_Driver/Src/stm32f0xx_hal_dma.o
 .debug_line    0x0000000000005bdd      0xaed ./Drivers/STM32F0xx_HAL_Driver/Src/stm32f0xx_hal_gpio.o
 .debug_line    0x00000000000066ca      0x783 ./Drivers/STM32F0xx_HAL_Driver/Src/stm32f0xx_hal_iwdg.o
 .debug_line    0x0000000000006e4d      0xd5a ./Drivers/STM32F0xx_HAL_Driver/Src/stm32f0xx_hal_rcc.o
 .debug_line    0x0000000000007ba7     0x1ec6 ./Drivers/STM32F0xx_HAL_Driver/Src/stm32f0xx_hal_spi.o
 .debug_line    0x0000000000009a6d     0x2b44 ./Drivers/STM32F0xx_HAL_Driver/Src/stm32f0xx_hal_uart.o

.debug_str      0x0000000000000000    0x604ca
 .debug_str     0x0000000000000000    0x5990d ./Core/Src/SpiPort.o
                                      0x59b93 (size before relaxing)
 .debug_str     0x000000000005990d     0x4f35 ./Core/Src/main.o
                                      0x5ed53 (size before relaxing)
 .debug_str     0x000000000005e842      0x2a1 ./Core/Src/stm32f0xx_hal_msp.o
                                      0x59e6a (size before relaxing)
 .debug_str     0x000000000005eae3       0xde ./Core/Src/stm32f0xx_it.o
                                      0x59c02 (size before relaxing)
 .debug_str     0x000000000005ebc1       0x8b ./Core/Src/system_stm32f0xx.o
                                      0x595c2 (size before relaxing)
 .debug_str     0x000000000005ec4c      0x117 ./Core/Src/timer.o
                                      0x5dc91 (size before relaxing)
 .debug_str     0x000000000005ed63       0x36 ./Core/Startup/startup_stm32f030r8tx.o
                                         0x86 (size before relaxing)
 .debug_str     0x000000000005ed99      0x316 ./Drivers/STM32F0xx_HAL_Driver/Src/stm32f0xx_hal.o
                                      0x59b56 (size before relaxing)
 .debug_str     0x000000000005f0af      0x18e ./Drivers/STM32F0xx_HAL_Driver/Src/stm32f0xx_hal_cortex.o
                                      0x59947 (size before relaxing)
 .debug_str     0x000000000005f23d      0x21e ./Drivers/STM32F0xx_HAL_Driver/Src/stm32f0xx_hal_dma.o
                                      0x59968 (size before relaxing)
 .debug_str     0x000000000005f45b      0x113 ./Drivers/STM32F0xx_HAL_Driver/Src/stm32f0xx_hal_gpio.o
                                      0x59763 (size before relaxing)
 .debug_str     0x000000000005f56e       0xe2 ./Drivers/STM32F0xx_HAL_Driver/Src/stm32f0xx_hal_iwdg.o
                                      0x59683 (size before relaxing)
 .debug_str     0x000000000005f650      0x20f ./Drivers/STM32F0xx_HAL_Driver/Src/stm32f0xx_hal_rcc.o
                                      0x599fe (size before relaxing)
 .debug_str     0x000000000005f85f      0x4e1 ./Drivers/STM32F0xx_HAL_Driver/Src/stm32f0xx_hal_spi.o
                                      0x59f2c (size before relaxing)
 .debug_str     0x000000000005fd40      0x78a ./Drivers/STM32F0xx_HAL_Driver/Src/stm32f0xx_hal_uart.o
                                      0x5a2db (size before relaxing)

.comment        0x0000000000000000       0x50
 .comment       0x0000000000000000       0x50 ./Core/Src/SpiPort.o
                                         0x51 (size before relaxing)
 .comment       0x0000000000000050       0x51 ./Core/Src/main.o
 .comment       0x0000000000000050       0x51 ./Core/Src/stm32f0xx_hal_msp.o
 .comment       0x0000000000000050       0x51 ./Core/Src/stm32f0xx_it.o
 .comment       0x0000000000000050       0x51 ./Core/Src/system_stm32f0xx.o
 .comment       0x0000000000000050       0x51 ./Core/Src/timer.o
 .comment       0x0000000000000050       0x51 ./Drivers/STM32F0xx_HAL_Driver/Src/stm32f0xx_hal.o
 .comment       0x0000000000000050       0x51 ./Drivers/STM32F0xx_HAL_Driver/Src/stm32f0xx_hal_cortex.o
 .comment       0x0000000000000050       0x51 ./Drivers/STM32F0xx_HAL_Driver/Src/stm32f0xx_hal_dma.o
 .comment       0x0000000000000050       0x51 ./Drivers/STM32F0xx_HAL_Driver/Src/stm32f0xx_hal_gpio.o
 .comment       0x0000000000000050       0x51 ./Drivers/STM32F0xx_HAL_Driver/Src/stm32f0xx_hal_iwdg.o
 .comment       0x0000000000000050       0x51 ./Drivers/STM32F0xx_HAL_Driver/Src/stm32f0xx_hal_rcc.o
 .comment       0x0000000000000050       0x51 ./Drivers/STM32F0xx_HAL_Driver/Src/stm32f0xx_hal_spi.o
 .comment       0x0000000000000050       0x51 ./Drivers/STM32F0xx_HAL_Driver/Src/stm32f0xx_hal_uart.o

.debug_frame    0x0000000000000000     0x2194
 .debug_frame   0x0000000000000000      0x150 ./Core/Src/SpiPort.o
 .debug_frame   0x0000000000000150      0x2b8 ./Core/Src/main.o
 .debug_frame   0x0000000000000408       0xb0 ./Core/Src/stm32f0xx_hal_msp.o
 .debug_frame   0x00000000000004b8      0x10c ./Core/Src/stm32f0xx_it.o
 .debug_frame   0x00000000000005c4       0x4c ./Core/Src/system_stm32f0xx.o
 .debug_frame   0x0000000000000610      0x1ec ./Core/Src/timer.o
 .debug_frame   0x00000000000007fc      0x2a4 ./Drivers/STM32F0xx_HAL_Driver/Src/stm32f0xx_hal.o
 .debug_frame   0x0000000000000aa0      0x2a0 ./Drivers/STM32F0xx_HAL_Driver/Src/stm32f0xx_hal_cortex.o
 .debug_frame   0x0000000000000d40      0x1d0 ./Drivers/STM32F0xx_HAL_Driver/Src/stm32f0xx_hal_dma.o
 .debug_frame   0x0000000000000f10      0x110 ./Drivers/STM32F0xx_HAL_Driver/Src/stm32f0xx_hal_gpio.o
 .debug_frame   0x0000000000001020       0x50 ./Drivers/STM32F0xx_HAL_Driver/Src/stm32f0xx_hal_iwdg.o
 .debug_frame   0x0000000000001070      0x198 ./Drivers/STM32F0xx_HAL_Driver/Src/stm32f0xx_hal_rcc.o
 .debug_frame   0x0000000000001208      0x710 ./Drivers/STM32F0xx_HAL_Driver/Src/stm32f0xx_hal_spi.o
 .debug_frame   0x0000000000001918      0x810 ./Drivers/STM32F0xx_HAL_Driver/Src/stm32f0xx_hal_uart.o
 .debug_frame   0x0000000000002128       0x2c c:/st/stm32cubeide_1.10.1/stm32cubeide/plugins/com.st.stm32cube.ide.mcu.externaltools.gnu-tools-for-stm32.10.3-2021.10.win32_1.0.200.202301161003/tools/bin/../lib/gcc/arm-none-eabi/10.3.1/../../../../arm-none-eabi/lib/thumb/v6-m/nofp\libc_nano.a(lib_a-init.o)
 .debug_frame   0x0000000000002154       0x20 c:/st/stm32cubeide_1.10.1/stm32cubeide/plugins/com.st.stm32cube.ide.mcu.externaltools.gnu-tools-for-stm32.10.3-2021.10.win32_1.0.200.202301161003/tools/bin/../lib/gcc/arm-none-eabi/10.3.1/../../../../arm-none-eabi/lib/thumb/v6-m/nofp\libc_nano.a(lib_a-memset.o)
 .debug_frame   0x0000000000002174       0x20 c:/st/stm32cubeide_1.10.1/stm32cubeide/plugins/com.st.stm32cube.ide.mcu.externaltools.gnu-tools-for-stm32.10.3-2021.10.win32_1.0.200.202301161003/tools/bin/../lib/gcc/arm-none-eabi/10.3.1/thumb/v6-m/nofp\libgcc.a(_udivsi3.o)
